[   186.805] 
X.Org X Server 1.21.1.11
X Protocol Version 11, Revision 0
[   186.805] Current Operating System: Linux JoshAgent 7.0.0-30-generic #30~24.04.1-Ubuntu SMP PREEMPT_DYNAMIC Fri Aug  7 13:27:52 UTC 2 x86_64
[   186.805] Kernel command line: BOOT_IMAGE=/boot/vmlinuz-7.0.0-30-generic root=UUID=75c4e20e-7332-43c1-b5ff-d3f53abc911d ro quiet splash vt.handoff=7
[   186.805] xorg-server 2:21.1.12-1ubuntu1.6 (For technical support please see http://www.ubuntu.com/support) 
[   186.805] Current version of pixman: 0.42.2
[   186.805] 	Before reporting problems, check http://wiki.x.org
	to make sure that you have the latest version.
[   186.805] Markers: (--) probed, (**) from config file, (==) default setting,
	(++) from command line, (!!) notice, (II) informational,
	(WW) warning, (EE) error, (NI) not implemented, (??) unknown.
[   186.805] (++) Log file: ".xorgxrdp.10.log", Time: Sat Aug 29 16:30:53 2026
[   186.806] (++) Using config file: "/etc/X11/xrdp/xorg.conf"
[   186.806] (==) Using system config directory "/usr/share/X11/xorg.conf.d"
[   186.807] (**) Option "defaultserverlayout" "X11 Server"
[   186.807] (**) ServerLayout "X11 Server"
[   186.807] (**) |-->Screen "Screen (xrdpdev)" (0)
[   186.807] (**) |   |-->Monitor "Monitor"
[   186.807] (**) |   |-->Device "Video Card (xrdpdev)"
[   186.807] (**) |-->Input Device "xrdpMouse"
[   186.807] (**) |-->Input Device "xrdpKeyboard"
[   186.807] (**) Option "DontVTSwitch" "on"
[   186.807] (**) Option "AutoAddDevices" "off"
[   186.807] (**) Allowing byte-swapped clients
[   186.807] (**) Not automatically adding devices
[   186.807] (==) Automatically enabling devices
[   186.807] (==) Automatically adding GPU devices
[   186.807] (==) Automatically binding GPU devices
[   186.807] (==) Max clients allowed: 256, resource mask: 0x1fffff
[   186.807] (WW) The directory "/usr/share/fonts/X11/100dpi/" does not exist.
[   186.807] 	Entry deleted from font path.
[   186.807] (WW) The directory "/usr/share/fonts/X11/75dpi/" does not exist.
[   186.807] 	Entry deleted from font path.
[   186.807] (WW) The directory "/usr/share/fonts/X11/100dpi" does not exist.
[   186.807] 	Entry deleted from font path.
[   186.807] (WW) The directory "/usr/share/fonts/X11/75dpi" does not exist.
[   186.807] 	Entry deleted from font path.
[   186.807] (==) FontPath set to:
	/usr/share/fonts/X11/misc,
	/usr/share/fonts/X11/cyrillic,
	/usr/share/fonts/X11/Type1,
	built-ins
[   186.807] (==) ModulePath set to "/usr/lib/xorg/modules"
[   186.807] (II) Loader magic: 0x5cfe6070d020
[   186.807] (II) Module ABI versions:
[   186.807] 	X.Org ANSI C Emulation: 0.4
[   186.807] 	X.Org Video Driver: 25.2
[   186.807] 	X.Org XInput driver : 24.4
[   186.807] 	X.Org Server Extension : 10.0
[   186.810] (II) systemd-logind: took control of session /org/freedesktop/login1/session/c2
[   186.810] (II) xfree86: Adding drm device (/dev/dri/card1)
[   186.810] (II) Platform probe for /sys/devices/pci0000:00/0000:00:01.0/drm/card1
[   186.811] (EE) systemd-logind: failed to take device /dev/dri/card1: Operation not permitted
[   186.814] (--) PCI:*(0@0:1:0) 1af4:1050:1af4:1100 rev 1, Mem @ 0xfc000000/8388608, 0x387000000000/16384, 0xfea14000/4096, BIOS @ 0x????????/131072
[   186.814] (II) "glx" will be loaded. This was enabled by default and also specified in the config file.
[   186.814] (II) LoadModule: "dbe"
[   186.814] (II) Module "dbe" already built-in
[   186.814] (II) LoadModule: "ddc"
[   186.814] (II) Module "ddc" already built-in
[   186.814] (II) LoadModule: "extmod"
[   186.814] (II) Module "extmod" already built-in
[   186.814] (II) LoadModule: "glx"
[   186.816] (II) Loading /usr/lib/xorg/modules/extensions/libglx.so
[   186.820] (II) Module glx: vendor="X.Org Foundation"
[   186.820] 	compiled for 1.21.1.11, module version = 1.0.0
[   186.820] 	ABI class: X.Org Server Extension, version 10.0
[   186.820] (II) LoadModule: "int10"
[   186.820] (II) Loading /usr/lib/xorg/modules/libint10.so
[   186.823] (II) Module int10: vendor="X.Org Foundation"
[   186.823] 	compiled for 1.21.1.11, module version = 1.0.0
[   186.823] 	ABI class: X.Org Video Driver, version 25.2
[   186.823] (II) LoadModule: "record"
[   186.824] (II) Module "record" already built-in
[   186.824] (II) LoadModule: "vbe"
[   186.824] (II) Loading /usr/lib/xorg/modules/libint10.so
[   186.824] (II) Module int10: vendor="X.Org Foundation"
[   186.824] 	compiled for 1.21.1.11, module version = 1.0.0
[   186.824] 	ABI class: X.Org Video Driver, version 25.2
[   186.824] (II) LoadModule: "glamoregl"
[   186.824] (II) Loading /usr/lib/xorg/modules/libglamoregl.so
[   186.827] (II) Module glamoregl: vendor="X.Org Foundation"
[   186.827] 	compiled for 1.21.1.11, module version = 1.0.1
[   186.827] 	ABI class: X.Org ANSI C Emulation, version 0.4
[   186.827] (II) LoadModule: "xorgxrdp"
[   186.827] (II) Loading /usr/lib/xorg/modules/libxorgxrdp.so
[   186.830] (II) Module XORGXRDP: vendor="X.Org Foundation"
[   186.830] 	compiled for 1.21.1.5, module version = 0.9.19
[   186.830] 	ABI class: X.Org Video Driver, version 25.2
[   186.830] xorgxrdpSetup:
[   186.830] (II) LoadModule: "fb"
[   186.830] (II) Module "fb" already built-in
[   186.830] (II) LoadModule: "xrdpdev"
[   186.830] (II) Loading /usr/lib/xorg/modules/drivers/xrdpdev_drv.so
[   186.831] (II) Module XRDPDEV: vendor="X.Org Foundation"
[   186.831] 	compiled for 1.21.1.5, module version = 0.9.19
[   186.831] 	ABI class: X.Org Video Driver, version 25.2
[   186.831] xrdpdevSetup:
[   186.831] (II) LoadModule: "xrdpmouse"
[   186.831] (II) Loading /usr/lib/xorg/modules/input/xrdpmouse_drv.so
[   186.833] (II) Module XRDPMOUSE: vendor="X.Org Foundation"
[   186.833] 	compiled for 1.21.1.5, module version = 0.9.19
[   186.833] 	Module class: X.Org XInput Driver
[   186.833] 	ABI class: X.Org XInput driver, version 24.4
[   186.833] rdpmousePlug:
[   186.833] (II) LoadModule: "xrdpkeyb"
[   186.833] (II) Loading /usr/lib/xorg/modules/input/xrdpkeyb_drv.so
[   186.833] (II) Module XRDPKEYB: vendor="X.Org Foundation"
[   186.833] 	compiled for 1.21.1.5, module version = 0.9.19
[   186.833] 	Module class: X.Org XInput Driver
[   186.833] 	ABI class: X.Org XInput driver, version 24.4
[   186.833] rdpkeybPlug:
[   186.833] rdpIdentify:
[   186.833] (II) XRDPDEV: driver for xrdp: XRDPDEV
[   186.833] rdpDriverFunc: op 10
[   186.833] (WW) Falling back to old probe method for XRDPDEV
[   186.833] rdpProbe:
[   186.833] (II) Loading sub module "fb"
[   186.833] (II) LoadModule: "fb"
[   186.833] (II) Module "fb" already built-in
[   186.833] rdpProbe: found DRMDevice xorg.conf value [/dev/dri/renderD128]
[   186.833] rdpProbe: found DRI3 xorg.conf value [1]
[   186.833] (II) XRDPDEV(0): using default device
[   186.833] (WW) VGA arbiter: cannot open kernel arbiter, no multi-card support
[   186.833] rdpPreInit:
[   186.833] rdpPreInit: /dev/dri/renderD128 open failed
[   186.833] (**) XRDPDEV(0): Depth 24, (--) framebuffer bpp 32
[   186.833] (==) XRDPDEV(0): RGB weight 888
[   186.833] (==) XRDPDEV(0): Using gamma correction (1.0, 1.0, 1.0)
[   186.833] (==) XRDPDEV(0): Default visual is TrueColor
[   186.833] (==) XRDPDEV(0): DPI set to (96, 96)
[   186.833] (II) XRDPDEV(0): 	mode "640x480" ok
[   186.833] (II) XRDPDEV(0): 	mode "800x600" ok
[   186.833] (II) XRDPDEV(0): Virtual size is 800x600 (pitch 800)
[   186.833] (**) XRDPDEV(0):  Default mode "800x600": 36.0 MHz (scaled from 0.0 MHz), 35.2 kHz, 56.2 Hz
[   186.833] (II) XRDPDEV(0): Modeline "800x600"x0.0   36.00  800 824 896 1024  600 601 603 625 +hsync +vsync (35.2 kHz d)
[   186.833] rdpScreenInit: virtualX 800 virtualY 600 rgbBits 8 depth 24
[   186.833] rdpScreenInit: pfbMemory bytes 1920000
[   186.833] rdpScreenInit: pfbMemory 0x7fde6c5e6010
[   186.834] rdpSimdInit: assigning yuv functions
[   186.834] rdpSimdInit: cpuid ax 1 cx 0 return ax 0x00b20f40 bx 0x04080800 cx 0xfff83203 dx 0x178bfbff
[   186.834] rdpSimdInit: sse2 amd64 yuv functions assigned
[   186.834] (==) XRDPDEV(0): Backing store enabled
[   186.834] rdpClientConInit: disconnect idle session after [0] sec
[   186.834] rdpClientConInit: kill disconnected [0] timeout [0] sec
[   186.834] rdpClientConInit: do_touchpad_scroll_hack [0]
[   186.834] rdpXvInit: depth 24
[   186.834] rdpScreenInit: out
[   186.834] (II) Initializing extension Generic Event Extension
[   186.834] (II) Initializing extension SHAPE
[   186.834] (II) Initializing extension MIT-SHM
[   186.834] (II) Initializing extension XInputExtension
[   186.834] (II) Initializing extension XTEST
[   186.834] (II) Initializing extension BIG-REQUESTS
[   186.834] (II) Initializing extension SYNC
[   186.834] (II) Initializing extension XKEYBOARD
[   186.834] (II) Initializing extension XC-MISC
[   186.834] (II) Initializing extension SECURITY
[   186.834] (II) Initializing extension XFIXES
[   186.834] (II) Initializing extension RENDER
[   186.834] (II) Initializing extension RANDR
[   186.834] (II) Initializing extension COMPOSITE
[   186.834] (II) Initializing extension DAMAGE
[   186.834] (II) Initializing extension MIT-SCREEN-SAVER
[   186.835] (II) Initializing extension DOUBLE-BUFFER
[   186.835] (II) Initializing extension RECORD
[   186.835] (II) Initializing extension DPMS
[   186.835] (II) Initializing extension Present
[   186.835] (II) Initializing extension DRI3
[   186.835] (II) Initializing extension X-Resource
[   186.835] (II) Initializing extension XVideo
[   186.835] (II) Initializing extension XVideo-MotionCompensation
[   186.835] (II) Initializing extension SELinux
[   186.835] (II) SELinux: Disabled on system
[   186.835] (II) Initializing extension GLX
[   186.835] (II) AIGLX: Screen 0 is not DRI2 capable
[   186.848] (II) IGLX: Loaded and initialized swrast
[   186.848] (II) GLX: Initialized DRISWRAST GL provider for screen 0
[   186.848] (II) Initializing extension XFree86-VidModeExtension
[   186.848] (II) Initializing extension XFree86-DGA
[   186.848] (II) Initializing extension XFree86-DRI
[   186.848] (II) Initializing extension DRI2
[   186.848] rdpCreateScreenResources:
[   186.862] (II) Using input driver 'XRDPMOUSE' for 'xrdpMouse'
[   186.862] (**) Option "CorePointer"
[   186.862] (**) xrdpMouse: always reports core events
[   186.862] rdpmousePreInit: drv 0x5cfe92a067e0 info 0x5cfe92ce6f70, flags 0x0
[   186.862] (II) XINPUT: Adding extended input device "xrdpMouse" (type: Mouse, id 6)
[   186.862] rdpmouseControl: what 0
[   186.862] rdpmouseDeviceInit:
[   186.862] rdpmouseCtrl:
[   186.862] rdpRegisterInputCallback: type 1 proc 0x7fde6d8073a0
[   186.862] (**) xrdpMouse: (accel) keeping acceleration scheme 1
[   186.862] (**) xrdpMouse: (accel) acceleration profile 0
[   186.862] (**) xrdpMouse: (accel) acceleration factor: 2.000
[   186.862] (**) xrdpMouse: (accel) acceleration threshold: 4
[   186.862] rdpmouseControl: what 1
[   186.862] rdpmouseDeviceOn:
[   186.862] (II) Using input driver 'XRDPKEYB' for 'xrdpKeyboard'
[   186.862] (**) Option "CoreKeyboard"
[   186.862] (**) xrdpKeyboard: always reports core events
[   186.862] rdpkeybPreInit: drv 0x5cfe92a064b0 info 0x5cfe92cea080, flags 0x0
[   186.862] (II) XINPUT: Adding extended input device "xrdpKeyboard" (type: Keyboard, id 7)
[   186.862] rdpkeybControl: what 0
[   186.862] rdpkeybDeviceInit:
[   186.874] rdpkeybChangeKeyboardControl:
[   186.874] rdpkeybChangeKeyboardControl: autoRepeat on
[   186.874] rdpRegisterInputCallback: type 0 proc 0x7fde6cc63d60
[   186.874] rdpkeybControl: what 1
[   186.874] rdpkeybDeviceOn:
[   186.874] rdpkeybChangeKeyboardControl:
[   186.874] rdpkeybChangeKeyboardControl: autoRepeat on
[   186.879] (II) config/udev: Adding drm device (/dev/dri/card1)
[   186.880] (II) xfree86: Adding drm device (/dev/dri/card1)
[   186.880] (II) Platform probe for /sys/devices/pci0000:00/0000:00:01.0/drm/card1
[   186.880] (EE) systemd-logind: failed to take device /dev/dri/card1: Operation not permitted
[   186.880] (II) config/udev: Adding input device QEMU QEMU USB Tablet (/dev/input/event2)
[   186.880] (II) AutoAddDevices is off - not adding device.
[   186.880] (II) config/udev: Adding input device QEMU QEMU USB Tablet (/dev/input/mouse0)
[   186.880] (II) AutoAddDevices is off - not adding device.
[   186.881] (II) config/udev: Adding input device Power Button (/dev/input/event0)
[   186.881] (II) AutoAddDevices is off - not adding device.
[   186.881] (II) config/udev: Adding input device AT Translated Set 2 keyboard (/dev/input/event1)
[   186.881] (II) AutoAddDevices is off - not adding device.
[   186.881] (II) config/udev: Adding input device ImExPS/2 Generic Explorer Mouse (/dev/input/event3)
[   186.881] (II) AutoAddDevices is off - not adding device.
[   186.881] (II) config/udev: Adding input device ImExPS/2 Generic Explorer Mouse (/dev/input/mouse1)
[   186.881] (II) AutoAddDevices is off - not adding device.
[   186.882] (II) config/udev: Adding input device spice vdagent tablet (/dev/input/event4)
[   186.882] (II) AutoAddDevices is off - not adding device.
[   186.882] (II) config/udev: Adding input device spice vdagent tablet (/dev/input/js0)
[   186.882] (II) AutoAddDevices is off - not adding device.
[   186.882] (II) config/udev: Adding input device spice vdagent tablet (/dev/input/mouse2)
[   186.882] (II) AutoAddDevices is off - not adding device.
[   186.884] rdpDeferredRandR:
[   186.884] rdpResizeSession: width 1024 height 768
[   186.884]   calling RRScreenSizeSet
[   186.884] rdpRRScreenSetSize: width 1024 height 768 mmWidth 271 mmHeight 203
[   186.884] rdpRRGetInfo:
[   186.884]   screen resized to 1024x768
[   186.885]   RRScreenSizeSet ok 1
[   186.885] rdpResizeSession: width 1920 height 1200
[   186.885]   calling RRScreenSizeSet
[   186.885] rdpRRScreenSetSize: width 1920 height 1200 mmWidth 508 mmHeight 318
[   186.885] rdpRRGetInfo:
[   186.885]   screen resized to 1920x1200
[   186.887]   RRScreenSizeSet ok 1
[   186.900] rdpClientConGotConnection:
[   186.900] rdpClientConGotConnection: g_sck_accept ok new_sck 9
[   186.900] rdpClientConGetConnection: idle_disconnect_timeout set to non-positive value, idle timer turned off
[   186.900] rdpAddClientConToDev: adding first clientCon 0x5cfe92d45bb0
[   186.907] rdpClientConProcessMsgVersion: version 0 0 0 1
[   186.907] rdpClientConProcessScreenSizeMsg: set width 1920 height 1200 bpp 32
[   186.907] rdpClientConAllocateSharedMemory: shmemid 0 shmemptr 0x7fde6aa1e000 bytes 9216000
[   186.907] rdpClientConProcessMsgClientInput: invalidate x 0 y 0 cx 1920 cy 1200
[   186.915] KbdSync: toggling num lock
[   186.915] rdpkeybChangeKeyboardControl:
[   186.915] rdpkeybChangeKeyboardControl: autoRepeat on
[   186.974] rdpInDeferredRepeatCallback:
[   186.974] rdpkeybChangeKeyboardControl:
[   186.974] rdpkeybChangeKeyboardControl: autoRepeat off
[   186.974] rdpInDeferredRepeatCallback:
[   186.974] rdpkeybChangeKeyboardControl:
[   186.974] rdpkeybChangeKeyboardControl: autoRepeat off
[   187.015] rdpInDeferredRepeatCallback:
[   187.015] rdpkeybChangeKeyboardControl:
[   187.015] rdpkeybChangeKeyboardControl: autoRepeat off
[   187.118] rdpClientConProcessMsgClientInfo:
[   187.118]   got client info bytes 7072
[   187.118]   jpeg support 0
[   187.118]   offscreen support 1
[   187.118]   offscreen size 10485760
[   187.118]   offscreen entries 100
[   187.118]   client can not do offscreen to offscreen blits
[   187.118]   client can do new(color) cursor
[   187.118]   client can not do multimon
[   187.118] rdpRRSetRdpOutputs: numCrtcs 0 numOutputs 0 monitorCount 0
[   187.118] rdpRRSetRdpOutputs: add output 0 left 0 top 0 width 1920 height 1200
[   187.118] rdpLoadLayout: keylayout 0x00000409 variant  display 10
[   187.118] rdpkeybChangeKeyboardControl:
[   187.118] rdpkeybChangeKeyboardControl: autoRepeat on
[   187.119] rdpkeybChangeKeyboardControl:
[   187.119] rdpkeybChangeKeyboardControl: autoRepeat on
[   187.218] rdpInDeferredRepeatCallback:
[   187.218] rdpkeybChangeKeyboardControl:
[   187.218] rdpkeybChangeKeyboardControl: autoRepeat off
[   187.219] rdpInDeferredRepeatCallback:
[   187.219] rdpkeybChangeKeyboardControl:
[   187.219] rdpkeybChangeKeyboardControl: autoRepeat off
[   187.671] rdpRRGetInfo:
[   187.699] rdpkeybChangeKeyboardControl:
[   187.699] rdpkeybChangeKeyboardControl: autoRepeat on
[   187.699] rdpkeybChangeKeyboardControl:
[   187.699] rdpkeybChangeKeyboardControl: autoRepeat on
[   187.699] rdpkeybChangeKeyboardControl:
[   187.699] rdpkeybChangeKeyboardControl: autoRepeat on
[   187.699] rdpkeybChangeKeyboardControl:
[   187.699] rdpkeybChangeKeyboardControl: autoRepeat on
[   187.701] rdpRRCrtcGetGamma: 0x5cfe92d446c0 0x5cfe92d41760 0x5cfe92d41b60 0x5cfe92d41960
[   187.701] rdpRROutputSetProperty:
[   187.702] rdpRROutputGetProperty:
[   187.702] rdpRRCrtcGetGamma: 0x5cfe92d446c0 0x5cfe92d41760 0x5cfe92d41b60 0x5cfe92d41960
[   187.707] rdpkeybChangeKeyboardControl:
[   187.707] rdpkeybChangeKeyboardControl: autoRepeat on
[   187.707] rdpkeybChangeKeyboardControl:
[   187.707] rdpkeybChangeKeyboardControl: autoRepeat on
[   187.708] rdpkeybChangeKeyboardControl:
[   187.708] rdpkeybChangeKeyboardControl: autoRepeat on
[   187.708] rdpkeybChangeKeyboardControl:
[   187.708] rdpkeybChangeKeyboardControl: autoRepeat on
[   187.722] rdpkeybChangeKeyboardControl:
[   187.722] rdpkeybChangeKeyboardControl: autoRepeat on
[   187.723] rdpkeybChangeKeyboardControl:
[   187.723] rdpkeybChangeKeyboardControl: autoRepeat on
[   187.758] rdpRROutputGetProperty:
[   187.758] rdpRRCrtcGetGamma: 0x5cfe92d446c0 0x5cfe92d41760 0x5cfe92d41b60 0x5cfe92d41960
[   187.759] rdpRRGetInfo:
[   187.799] rdpInDeferredRepeatCallback:
[   187.799] rdpkeybChangeKeyboardControl:
[   187.799] rdpkeybChangeKeyboardControl: autoRepeat off
[   187.799] rdpInDeferredRepeatCallback:
[   187.799] rdpkeybChangeKeyboardControl:
[   187.799] rdpkeybChangeKeyboardControl: autoRepeat off
[   187.799] rdpInDeferredRepeatCallback:
[   187.799] rdpkeybChangeKeyboardControl:
[   187.799] rdpkeybChangeKeyboardControl: autoRepeat off
[   187.799] rdpInDeferredRepeatCallback:
[   187.799] rdpkeybChangeKeyboardControl:
[   187.799] rdpkeybChangeKeyboardControl: autoRepeat off
[   187.807] rdpInDeferredRepeatCallback:
[   187.807] rdpkeybChangeKeyboardControl:
[   187.807] rdpkeybChangeKeyboardControl: autoRepeat off
[   187.807] rdpInDeferredRepeatCallback:
[   187.807] rdpkeybChangeKeyboardControl:
[   187.807] rdpkeybChangeKeyboardControl: autoRepeat off
[   187.809] rdpInDeferredRepeatCallback:
[   187.809] rdpkeybChangeKeyboardControl:
[   187.809] rdpkeybChangeKeyboardControl: autoRepeat off
[   187.809] rdpInDeferredRepeatCallback:
[   187.809] rdpkeybChangeKeyboardControl:
[   187.809] rdpkeybChangeKeyboardControl: autoRepeat off
[   187.822] rdpInDeferredRepeatCallback:
[   187.822] rdpkeybChangeKeyboardControl:
[   187.822] rdpkeybChangeKeyboardControl: autoRepeat off
[   187.823] rdpInDeferredRepeatCallback:
[   187.823] rdpkeybChangeKeyboardControl:
[   187.823] rdpkeybChangeKeyboardControl: autoRepeat off
[   188.406] rdpkeybChangeKeyboardControl:
[   188.406] rdpkeybChangeKeyboardControl: autoRepeat off
[   188.406] rdpkeybChangeKeyboardControl:
[   188.406] rdpkeybChangeKeyboardControl: autoRepeat off
[  5424.204] rdpClientConRecv: g_sck_recv failed(returned -1)
[  5424.204] rdpClientConRecvMsg: error
[  5424.204] rdpClientConCheck: rdpClientConGotData failed
[  5424.204] rdpClientConDisconnect:
[  5424.204] rdpRemoveClientConFromDev: removing clientCon 0x5cfe92d45bb0
[ 34511.257] rdpmouseControl: what 2
[ 34511.257] rdpmouseDeviceOff:
[ 34511.257] rdpkeybControl: what 2
[ 34511.258] rdpkeybDeviceOff:
[ 34511.259] xorgxrdpDamageDestroy:
[ 34511.284] rdpkeybControl: what 3
[ 34511.284] rdpkeybUnInit: drv 0x5cfe92a064b0 info 0x5cfe92cea080, flags 0x0
[ 34511.284] rdpUnregisterInputCallback: proc 0x7fde6cc63d60
[ 34511.284] rdpmouseControl: what 3
[ 34511.284] rdpmouseUnInit: drv 0x5cfe92a067e0 info 0x5cfe92ce6f70, flags 0x0
[ 34511.284] rdpUnregisterInputCallback: proc 0x7fde6d8073a0
[ 34511.289] rdpCloseScreen:
[ 34511.290] xorgxrdpDownDown:
[ 34511.290] xorgxrdpDownDown: 1
[ 34511.290] rdpClientConDeinit:
[ 34511.290] rdpClientConDeinit: deleting file /run/xrdp/sockdir/xrdp_display_10
[ 34511.290] rdpClientConDeinit: deleting file /run/xrdp/sockdir/xrdp_disconnect_display_10
[ 34511.736] (II) Server terminated successfully (0). Closing log file.
